Archive member included because of file (symbol)

c:/program files (x86)/atmel/atmel toolchain/avr8 gcc/native/3.4.1056/avr8-gnu-toolchain/bin/../lib/gcc/avr/4.8.1/avr5\libgcc.a(_exit.o)
                              c:/program files (x86)/atmel/atmel toolchain/avr8 gcc/native/3.4.1056/avr8-gnu-toolchain/bin/../lib/gcc/avr/4.8.1/../../../../avr/lib/avr5/crtm644p.o (exit)
c:/program files (x86)/atmel/atmel toolchain/avr8 gcc/native/3.4.1056/avr8-gnu-toolchain/bin/../lib/gcc/avr/4.8.1/avr5\libgcc.a(_copy_data.o)
                              softpot.o (__do_copy_data)
c:/program files (x86)/atmel/atmel toolchain/avr8 gcc/native/3.4.1056/avr8-gnu-toolchain/bin/../lib/gcc/avr/4.8.1/avr5\libgcc.a(_clear_bss.o)
                              softpot.o (__do_clear_bss)

Discarded input sections

 .bss           0x00000000        0x0 c:/program files (x86)/atmel/atmel toolchain/avr8 gcc/native/3.4.1056/avr8-gnu-toolchain/bin/../lib/gcc/avr/4.8.1/../../../../avr/lib/avr5/crtm644p.o
 .text          0x00000000        0x0 softpot.o
 .bss           0x00000000        0x0 softpot.o
 .text.softpot_init
                0x00000000       0x38 softpot.o
 .rodata.str1.1
                0x00000000       0x76 softpot.o
 .text.set_flag
                0x00000000       0x50 softpot.o
 .text.reset_flag
                0x00000000       0x4a softpot.o
 .text.check_spt_status
                0x00000000       0x70 softpot.o
 .bss.steering_two_flag
                0x00000000        0x1 softpot.o
 .bss.steering_one_flag
                0x00000000        0x1 softpot.o
 .bss.throttle_flag
                0x00000000        0x1 softpot.o
 .data.mappings
                0x00000000        0x8 softpot.o
 .text          0x00000000        0x0 main.o
 .bss           0x00000000        0x0 main.o
 .text          0x00000000        0x0 rotaryenc.o
 .bss           0x00000000        0x0 rotaryenc.o
 .text.rtr_speed_update
                0x00000000       0xe2 rotaryenc.o
 .bss.speed_flag_buff.1686
                0x00000000        0x1 rotaryenc.o
 .bss.speed_flag_one.1685
                0x00000000        0x1 rotaryenc.o
 .bss.speed_counter_one.1683
                0x00000000        0x2 rotaryenc.o
 .bss.speed_update_acc_one.1681
                0x00000000        0x2 rotaryenc.o
 .text          0x00000000        0x0 rtrlut.o
 .bss           0x00000000        0x0 rtrlut.o
 .text          0x00000000        0x0 timer.o
 .bss           0x00000000        0x0 timer.o
 .text          0x00000000        0x0 uart.o
 .bss           0x00000000        0x0 uart.o
 .text.get_ch   0x00000000       0x10 uart.o
 .text.uart_data
                0x00000000       0x10 uart.o
 .text.uart_number
                0x00000000       0x40 uart.o
 .text          0x00000000        0x0 c:/program files (x86)/atmel/atmel toolchain/avr8 gcc/native/3.4.1056/avr8-gnu-toolchain/bin/../lib/gcc/avr/4.8.1/avr5\libgcc.a(_exit.o)
 .bss           0x00000000        0x0 c:/program files (x86)/atmel/atmel toolchain/avr8 gcc/native/3.4.1056/avr8-gnu-toolchain/bin/../lib/gcc/avr/4.8.1/avr5\libgcc.a(_exit.o)
 .text.libgcc.mul
                0x00000000        0x0 c:/program files (x86)/atmel/atmel toolchain/avr8 gcc/native/3.4.1056/avr8-gnu-toolchain/bin/../lib/gcc/avr/4.8.1/avr5\libgcc.a(_exit.o)
 .text.libgcc.div
                0x00000000        0x0 c:/program files (x86)/atmel/atmel toolchain/avr8 gcc/native/3.4.1056/avr8-gnu-toolchain/bin/../lib/gcc/avr/4.8.1/avr5\libgcc.a(_exit.o)
 .text.libgcc   0x00000000        0x0 c:/program files (x86)/atmel/atmel toolchain/avr8 gcc/native/3.4.1056/avr8-gnu-toolchain/bin/../lib/gcc/avr/4.8.1/avr5\libgcc.a(_exit.o)
 .text.libgcc.prologue
                0x00000000        0x0 c:/program files (x86)/atmel/atmel toolchain/avr8 gcc/native/3.4.1056/avr8-gnu-toolchain/bin/../lib/gcc/avr/4.8.1/avr5\libgcc.a(_exit.o)
 .text.libgcc.builtins
                0x00000000        0x0 c:/program files (x86)/atmel/atmel toolchain/avr8 gcc/native/3.4.1056/avr8-gnu-toolchain/bin/../lib/gcc/avr/4.8.1/avr5\libgcc.a(_exit.o)
 .text.libgcc.fmul
                0x00000000        0x0 c:/program files (x86)/atmel/atmel toolchain/avr8 gcc/native/3.4.1056/avr8-gnu-toolchain/bin/../lib/gcc/avr/4.8.1/avr5\libgcc.a(_exit.o)
 .text.libgcc.fixed
                0x00000000        0x0 c:/program files (x86)/atmel/atmel toolchain/avr8 gcc/native/3.4.1056/avr8-gnu-toolchain/bin/../lib/gcc/avr/4.8.1/avr5\libgcc.a(_exit.o)
 .text          0x00000000        0x0 c:/program files (x86)/atmel/atmel toolchain/avr8 gcc/native/3.4.1056/avr8-gnu-toolchain/bin/../lib/gcc/avr/4.8.1/avr5\libgcc.a(_copy_data.o)
 .bss           0x00000000        0x0 c:/program files (x86)/atmel/atmel toolchain/avr8 gcc/native/3.4.1056/avr8-gnu-toolchain/bin/../lib/gcc/avr/4.8.1/avr5\libgcc.a(_copy_data.o)
 .text.libgcc.mul
                0x00000000        0x0 c:/program files (x86)/atmel/atmel toolchain/avr8 gcc/native/3.4.1056/avr8-gnu-toolchain/bin/../lib/gcc/avr/4.8.1/avr5\libgcc.a(_copy_data.o)
 .text.libgcc.div
                0x00000000        0x0 c:/program files (x86)/atmel/atmel toolchain/avr8 gcc/native/3.4.1056/avr8-gnu-toolchain/bin/../lib/gcc/avr/4.8.1/avr5\libgcc.a(_copy_data.o)
 .text.libgcc   0x00000000        0x0 c:/program files (x86)/atmel/atmel toolchain/avr8 gcc/native/3.4.1056/avr8-gnu-toolchain/bin/../lib/gcc/avr/4.8.1/avr5\libgcc.a(_copy_data.o)
 .text.libgcc.prologue
                0x00000000        0x0 c:/program files (x86)/atmel/atmel toolchain/avr8 gcc/native/3.4.1056/avr8-gnu-toolchain/bin/../lib/gcc/avr/4.8.1/avr5\libgcc.a(_copy_data.o)
 .text.libgcc.builtins
                0x00000000        0x0 c:/program files (x86)/atmel/atmel toolchain/avr8 gcc/native/3.4.1056/avr8-gnu-toolchain/bin/../lib/gcc/avr/4.8.1/avr5\libgcc.a(_copy_data.o)
 .text.libgcc.fmul
                0x00000000        0x0 c:/program files (x86)/atmel/atmel toolchain/avr8 gcc/native/3.4.1056/avr8-gnu-toolchain/bin/../lib/gcc/avr/4.8.1/avr5\libgcc.a(_copy_data.o)
 .text.libgcc.fixed
                0x00000000        0x0 c:/program files (x86)/atmel/atmel toolchain/avr8 gcc/native/3.4.1056/avr8-gnu-toolchain/bin/../lib/gcc/avr/4.8.1/avr5\libgcc.a(_copy_data.o)
 .text          0x00000000        0x0 c:/program files (x86)/atmel/atmel toolchain/avr8 gcc/native/3.4.1056/avr8-gnu-toolchain/bin/../lib/gcc/avr/4.8.1/avr5\libgcc.a(_clear_bss.o)
 .bss           0x00000000        0x0 c:/program files (x86)/atmel/atmel toolchain/avr8 gcc/native/3.4.1056/avr8-gnu-toolchain/bin/../lib/gcc/avr/4.8.1/avr5\libgcc.a(_clear_bss.o)
 .text.libgcc.mul
                0x00000000        0x0 c:/program files (x86)/atmel/atmel toolchain/avr8 gcc/native/3.4.1056/avr8-gnu-toolchain/bin/../lib/gcc/avr/4.8.1/avr5\libgcc.a(_clear_bss.o)
 .text.libgcc.div
                0x00000000        0x0 c:/program files (x86)/atmel/atmel toolchain/avr8 gcc/native/3.4.1056/avr8-gnu-toolchain/bin/../lib/gcc/avr/4.8.1/avr5\libgcc.a(_clear_bss.o)
 .text.libgcc   0x00000000        0x0 c:/program files (x86)/atmel/atmel toolchain/avr8 gcc/native/3.4.1056/avr8-gnu-toolchain/bin/../lib/gcc/avr/4.8.1/avr5\libgcc.a(_clear_bss.o)
 .text.libgcc.prologue
                0x00000000        0x0 c:/program files (x86)/atmel/atmel toolchain/avr8 gcc/native/3.4.1056/avr8-gnu-toolchain/bin/../lib/gcc/avr/4.8.1/avr5\libgcc.a(_clear_bss.o)
 .text.libgcc.builtins
                0x00000000        0x0 c:/program files (x86)/atmel/atmel toolchain/avr8 gcc/native/3.4.1056/avr8-gnu-toolchain/bin/../lib/gcc/avr/4.8.1/avr5\libgcc.a(_clear_bss.o)
 .text.libgcc.fmul
                0x00000000        0x0 c:/program files (x86)/atmel/atmel toolchain/avr8 gcc/native/3.4.1056/avr8-gnu-toolchain/bin/../lib/gcc/avr/4.8.1/avr5\libgcc.a(_clear_bss.o)
 .text.libgcc.fixed
                0x00000000        0x0 c:/program files (x86)/atmel/atmel toolchain/avr8 gcc/native/3.4.1056/avr8-gnu-toolchain/bin/../lib/gcc/avr/4.8.1/avr5\libgcc.a(_clear_bss.o)

Memory Configuration

Name             Origin             Length             Attributes
text             0x00000000         0x00020000         xr
data             0x00800060         0x0000ffa0         rw !x
eeprom           0x00810000         0x00010000         rw !x
fuse             0x00820000         0x00000400         rw !x
lock             0x00830000         0x00000400         rw !x
signature        0x00840000         0x00000400         rw !x
user_signatures  0x00850000         0x00000400         rw !x
*default*        0x00000000         0xffffffff

Linker script and memory map

Address of section .data set to 0x800100
LOAD c:/program files (x86)/atmel/atmel toolchain/avr8 gcc/native/3.4.1056/avr8-gnu-toolchain/bin/../lib/gcc/avr/4.8.1/../../../../avr/lib/avr5/crtm644p.o
LOAD softpot.o
LOAD main.o
LOAD rotaryenc.o
LOAD rtrlut.o
LOAD timer.o
LOAD uart.o
START GROUP
LOAD c:/program files (x86)/atmel/atmel toolchain/avr8 gcc/native/3.4.1056/avr8-gnu-toolchain/bin/../lib/gcc/avr/4.8.1/../../../../avr/lib/avr5\libm.a
END GROUP
START GROUP
LOAD c:/program files (x86)/atmel/atmel toolchain/avr8 gcc/native/3.4.1056/avr8-gnu-toolchain/bin/../lib/gcc/avr/4.8.1/avr5\libgcc.a
LOAD c:/program files (x86)/atmel/atmel toolchain/avr8 gcc/native/3.4.1056/avr8-gnu-toolchain/bin/../lib/gcc/avr/4.8.1/../../../../avr/lib/avr5\libm.a
LOAD c:/program files (x86)/atmel/atmel toolchain/avr8 gcc/native/3.4.1056/avr8-gnu-toolchain/bin/../lib/gcc/avr/4.8.1/../../../../avr/lib/avr5\libc.a
END GROUP

.hash
 *(.hash)

.dynsym
 *(.dynsym)

.dynstr
 *(.dynstr)

.gnu.version
 *(.gnu.version)

.gnu.version_d
 *(.gnu.version_d)

.gnu.version_r
 *(.gnu.version_r)

.rel.init
 *(.rel.init)

.rela.init
 *(.rela.init)

.rel.text
 *(.rel.text)
 *(.rel.text.*)
 *(.rel.gnu.linkonce.t*)

.rela.text
 *(.rela.text)
 *(.rela.text.*)
 *(.rela.gnu.linkonce.t*)

.rel.fini
 *(.rel.fini)

.rela.fini
 *(.rela.fini)

.rel.rodata
 *(.rel.rodata)
 *(.rel.rodata.*)
 *(.rel.gnu.linkonce.r*)

.rela.rodata
 *(.rela.rodata)
 *(.rela.rodata.*)
 *(.rela.gnu.linkonce.r*)

.rel.data
 *(.rel.data)
 *(.rel.data.*)
 *(.rel.gnu.linkonce.d*)

.rela.data
 *(.rela.data)
 *(.rela.data.*)
 *(.rela.gnu.linkonce.d*)

.rel.ctors
 *(.rel.ctors)

.rela.ctors
 *(.rela.ctors)

.rel.dtors
 *(.rel.dtors)

.rela.dtors
 *(.rela.dtors)

.rel.got
 *(.rel.got)

.rela.got
 *(.rela.got)

.rel.bss
 *(.rel.bss)

.rela.bss
 *(.rela.bss)

.rel.plt
 *(.rel.plt)

.rela.plt
 *(.rela.plt)

.text           0x00000000      0x5d4
 *(.vectors)
 .vectors       0x00000000       0x7c c:/program files (x86)/atmel/atmel toolchain/avr8 gcc/native/3.4.1056/avr8-gnu-toolchain/bin/../lib/gcc/avr/4.8.1/../../../../avr/lib/avr5/crtm644p.o
                0x00000000                __vector_default
                0x00000000                __vectors
 *(.vectors)
 *(.progmem.gcc*)
                0x0000007c                . = ALIGN (0x2)
                0x0000007c                __trampolines_start = .
 *(.trampolines)
 .trampolines   0x0000007c        0x0 linker stubs
 *(.trampolines*)
                0x0000007c                __trampolines_end = .
 *(.progmem*)
                0x0000007c                . = ALIGN (0x2)
 *(.jumptables)
 *(.jumptables*)
 *(.lowtext)
 *(.lowtext*)
                0x0000007c                __ctors_start = .
 *(.ctors)
                0x0000007c                __ctors_end = .
                0x0000007c                __dtors_start = .
 *(.dtors)
                0x0000007c                __dtors_end = .
 SORT(*)(.ctors)
 SORT(*)(.dtors)
 *(.init0)
 .init0         0x0000007c        0x0 c:/program files (x86)/atmel/atmel toolchain/avr8 gcc/native/3.4.1056/avr8-gnu-toolchain/bin/../lib/gcc/avr/4.8.1/../../../../avr/lib/avr5/crtm644p.o
                0x0000007c                __init
 *(.init0)
 *(.init1)
 *(.init1)
 *(.init2)
 .init2         0x0000007c        0xc c:/program files (x86)/atmel/atmel toolchain/avr8 gcc/native/3.4.1056/avr8-gnu-toolchain/bin/../lib/gcc/avr/4.8.1/../../../../avr/lib/avr5/crtm644p.o
 *(.init2)
 *(.init3)
 *(.init3)
 *(.init4)
 .init4         0x00000088       0x16 c:/program files (x86)/atmel/atmel toolchain/avr8 gcc/native/3.4.1056/avr8-gnu-toolchain/bin/../lib/gcc/avr/4.8.1/avr5\libgcc.a(_copy_data.o)
                0x00000088                __do_copy_data
 .init4         0x0000009e       0x10 c:/program files (x86)/atmel/atmel toolchain/avr8 gcc/native/3.4.1056/avr8-gnu-toolchain/bin/../lib/gcc/avr/4.8.1/avr5\libgcc.a(_clear_bss.o)
                0x0000009e                __do_clear_bss
 *(.init4)
 *(.init5)
 *(.init5)
 *(.init6)
 *(.init6)
 *(.init7)
 *(.init7)
 *(.init8)
 *(.init8)
 *(.init9)
 .init9         0x000000ae        0x8 c:/program files (x86)/atmel/atmel toolchain/avr8 gcc/native/3.4.1056/avr8-gnu-toolchain/bin/../lib/gcc/avr/4.8.1/../../../../avr/lib/avr5/crtm644p.o
 *(.init9)
 *(.text)
 .text          0x000000b6        0x4 c:/program files (x86)/atmel/atmel toolchain/avr8 gcc/native/3.4.1056/avr8-gnu-toolchain/bin/../lib/gcc/avr/4.8.1/../../../../avr/lib/avr5/crtm644p.o
                0x000000b6                __vector_22
                0x000000b6                __vector_28
                0x000000b6                __vector_1
                0x000000b6                __vector_24
                0x000000b6                __vector_12
                0x000000b6                __bad_interrupt
                0x000000b6                __vector_6
                0x000000b6                __vector_3
                0x000000b6                __vector_23
                0x000000b6                __vector_30
                0x000000b6                __vector_25
                0x000000b6                __vector_11
                0x000000b6                __vector_13
                0x000000b6                __vector_17
                0x000000b6                __vector_19
                0x000000b6                __vector_7
                0x000000b6                __vector_27
                0x000000b6                __vector_4
                0x000000b6                __vector_9
                0x000000b6                __vector_2
                0x000000b6                __vector_21
                0x000000b6                __vector_15
                0x000000b6                __vector_29
                0x000000b6                __vector_8
                0x000000b6                __vector_26
                0x000000b6                __vector_14
                0x000000b6                __vector_10
                0x000000b6                __vector_18
                0x000000b6                __vector_20
                0x000000ba                . = ALIGN (0x2)
 *(.text.*)
 .text.__vector_5
                0x000000ba       0x40 softpot.o
                0x000000ba                __vector_5
 .text.main     0x000000fa       0x10 main.o
                0x000000fa                main
 .text.rot_init
                0x0000010a       0x44 rotaryenc.o
                0x0000010a                rot_init
 .text.rtr_value
                0x0000014e        0xa rotaryenc.o
                0x0000014e                rtr_value
 .text.rtr_qpos
                0x00000158       0xa6 rotaryenc.o
                0x00000158                rtr_qpos
 .text.rtr_speed
                0x000001fe      0x1a6 rotaryenc.o
                0x000001fe                rtr_speed
 .text.rtr_buff_update
                0x000003a4      0x170 rotaryenc.o
                0x000003a4                rtr_buff_update
 .text.rtr_intrpt
                0x00000514       0x1c rotaryenc.o
                0x00000514                rtr_intrpt
 .text.timer_init
                0x00000530       0x12 timer.o
                0x00000530                timer_init
 .text.__vector_16
                0x00000542       0x48 timer.o
                0x00000542                __vector_16
 .text.uart_init
                0x0000058a       0x18 uart.o
                0x0000058a                uart_init
 .text.uart_tx  0x000005a2       0x10 uart.o
                0x000005a2                uart_tx
 .text.uart_str
                0x000005b2       0x1e uart.o
                0x000005b2                uart_str
                0x000005d0                . = ALIGN (0x2)
 *(.fini9)
 .fini9         0x000005d0        0x0 c:/program files (x86)/atmel/atmel toolchain/avr8 gcc/native/3.4.1056/avr8-gnu-toolchain/bin/../lib/gcc/avr/4.8.1/avr5\libgcc.a(_exit.o)
                0x000005d0                _exit
                0x000005d0                exit
 *(.fini9)
 *(.fini8)
 *(.fini8)
 *(.fini7)
 *(.fini7)
 *(.fini6)
 *(.fini6)
 *(.fini5)
 *(.fini5)
 *(.fini4)
 *(.fini4)
 *(.fini3)
 *(.fini3)
 *(.fini2)
 *(.fini2)
 *(.fini1)
 *(.fini1)
 *(.fini0)
 .fini0         0x000005d0        0x4 c:/program files (x86)/atmel/atmel toolchain/avr8 gcc/native/3.4.1056/avr8-gnu-toolchain/bin/../lib/gcc/avr/4.8.1/avr5\libgcc.a(_exit.o)
 *(.fini0)
                0x000005d4                _etext = .

.data           0x00800100      0x1d8 load address 0x000005d4
                0x00800100                PROVIDE (__data_start, .)
 *(.data)
 .data          0x00800100        0x0 c:/program files (x86)/atmel/atmel toolchain/avr8 gcc/native/3.4.1056/avr8-gnu-toolchain/bin/../lib/gcc/avr/4.8.1/../../../../avr/lib/avr5/crtm644p.o
 .data          0x00800100        0x0 softpot.o
 .data          0x00800100        0x0 main.o
 .data          0x00800100        0x0 rotaryenc.o
 .data          0x00800100        0x0 rtrlut.o
 .data          0x00800100        0x0 timer.o
 .data          0x00800100        0x0 uart.o
 .data          0x00800100        0x0 c:/program files (x86)/atmel/atmel toolchain/avr8 gcc/native/3.4.1056/avr8-gnu-toolchain/bin/../lib/gcc/avr/4.8.1/avr5\libgcc.a(_exit.o)
 .data          0x00800100        0x0 c:/program files (x86)/atmel/atmel toolchain/avr8 gcc/native/3.4.1056/avr8-gnu-toolchain/bin/../lib/gcc/avr/4.8.1/avr5\libgcc.a(_copy_data.o)
 .data          0x00800100        0x0 c:/program files (x86)/atmel/atmel toolchain/avr8 gcc/native/3.4.1056/avr8-gnu-toolchain/bin/../lib/gcc/avr/4.8.1/avr5\libgcc.a(_clear_bss.o)
 *(.data*)
 .data.tmp      0x00800100        0x1 softpot.o
                0x00800100                tmp
 .data.spt_pins
                0x00800101        0x1 softpot.o
                0x00800101                spt_pins
 .data.pins     0x00800102        0x1 rotaryenc.o
                0x00800102                pins
 *(.rodata)
 *(.rodata*)
 .rodata.str1.1
                0x00800103      0x155 rotaryenc.o
                                0x161 (size before relaxing)
 .rodata.rtrlut
                0x00800258       0x80 rotaryenc.o
 *(.gnu.linkonce.d*)
                0x008002d8                . = ALIGN (0x2)
                0x008002d8                _edata = .
                0x008002d8                PROVIDE (__data_end, .)

.bss            0x008002d8      0x2d1
                0x008002d8                PROVIDE (__bss_start, .)
 *(.bss)
 *(.bss*)
 .bss.waiting   0x008002d8        0x1 softpot.o
                0x008002d8                waiting
 .bss.speed_warn_buff_22.1674
                0x008002d9        0x1 rotaryenc.o
 .bss.speed_warn_buff_21.1672
                0x008002da        0x1 rotaryenc.o
 .bss.speed_warn_22.1673
                0x008002db        0x1 rotaryenc.o
 .bss.speed_warn_21.1671
                0x008002dc        0x1 rotaryenc.o
 .bss.speed_warn_buff_12.1670
                0x008002dd        0x1 rotaryenc.o
 .bss.speed_warn_buff_11.1668
                0x008002de        0x1 rotaryenc.o
 .bss.speed_warn_12.1669
                0x008002df        0x1 rotaryenc.o
 .bss.speed_warn_11.1667
                0x008002e0        0x1 rotaryenc.o
 .bss.danger.1659
                0x008002e1        0x1 rotaryenc.o
 .bss.two_bpos  0x008002e2        0x1 rotaryenc.o
                0x008002e2                two_bpos
 .bss.one_bpos  0x008002e3        0x1 rotaryenc.o
                0x008002e3                one_bpos
 .bss.cbuf_two_dif
                0x008002e4       0x96 rotaryenc.o
                0x008002e4                cbuf_two_dif
 .bss.cbuf_two  0x0080037a       0x4b rotaryenc.o
                0x0080037a                cbuf_two
 .bss.cbuf_one_dif
                0x008003c5       0x96 rotaryenc.o
                0x008003c5                cbuf_one_dif
 .bss.cbuf_one  0x0080045b       0x4b rotaryenc.o
                0x0080045b                cbuf_one
 .bss.sel       0x008004a6        0x1 rotaryenc.o
                0x008004a6                sel
 .bss.rtr_pos_two
                0x008004a7        0x1 rotaryenc.o
                0x008004a7                rtr_pos_two
 .bss.rtr_pos_one
                0x008004a8        0x1 rotaryenc.o
                0x008004a8                rtr_pos_one
 .bss.rtrlut_fast
                0x008004a9      0x100 rotaryenc.o
 *(COMMON)
                0x008005a9                PROVIDE (__bss_end, .)
                0x000005d4                __data_load_start = LOADADDR (.data)
                0x000007ac                __data_load_end = (__data_load_start + SIZEOF (.data))

.noinit         0x008005a9        0x0
                0x008005a9                PROVIDE (__noinit_start, .)
 *(.noinit*)
                0x008005a9                PROVIDE (__noinit_end, .)
                0x008005a9                _end = .
                0x008005a9                PROVIDE (__heap_start, .)

.eeprom         0x00810000        0x0
 *(.eeprom*)
                0x00810000                __eeprom_end = .

.fuse
 *(.fuse)
 *(.lfuse)
 *(.hfuse)
 *(.efuse)

.lock
 *(.lock*)

.signature
 *(.signature*)

.user_signatures
 *(.user_signatures*)

.stab
 *(.stab)

.stabstr
 *(.stabstr)

.stab.excl
 *(.stab.excl)

.stab.exclstr
 *(.stab.exclstr)

.stab.index
 *(.stab.index)

.stab.indexstr
 *(.stab.indexstr)

.comment        0x00000000       0x30
 *(.comment)
 .comment       0x00000000       0x30 softpot.o
                                 0x31 (size before relaxing)
 .comment       0x00000000       0x31 main.o
 .comment       0x00000000       0x31 rotaryenc.o
 .comment       0x00000000       0x31 rtrlut.o
 .comment       0x00000000       0x31 timer.o
 .comment       0x00000000       0x31 uart.o

.note.gnu.build-id
 *(.note.gnu.build-id)

.debug
 *(.debug)

.line
 *(.line)

.debug_srcinfo
 *(.debug_srcinfo)

.debug_sfnames
 *(.debug_sfnames)

.debug_aranges  0x00000000      0x120
 *(.debug_aranges)
 .debug_aranges
                0x00000000       0x40 softpot.o
 .debug_aranges
                0x00000040       0x20 main.o
 .debug_aranges
                0x00000060       0x50 rotaryenc.o
 .debug_aranges
                0x000000b0       0x28 timer.o
 .debug_aranges
                0x000000d8       0x48 uart.o

.debug_pubnames
 *(.debug_pubnames)

.debug_info     0x00000000      0xb8a
 *(.debug_info .gnu.linkonce.wi.*)
 .debug_info    0x00000000      0x2a9 softpot.o
 .debug_info    0x000002a9       0xc7 main.o
 .debug_info    0x00000370      0x5d1 rotaryenc.o
 .debug_info    0x00000941       0xb1 timer.o
 .debug_info    0x000009f2      0x198 uart.o

.debug_abbrev   0x00000000      0x53c
 *(.debug_abbrev)
 .debug_abbrev  0x00000000      0x155 softpot.o
 .debug_abbrev  0x00000155       0x89 main.o
 .debug_abbrev  0x000001de      0x1ab rotaryenc.o
 .debug_abbrev  0x00000389       0x88 timer.o
 .debug_abbrev  0x00000411      0x12b uart.o

.debug_line     0x00000000      0x584
 *(.debug_line .debug_line.* .debug_line_end)
 .debug_line    0x00000000      0x119 softpot.o
 .debug_line    0x00000119       0x60 main.o
 .debug_line    0x00000179      0x21a rotaryenc.o
 .debug_line    0x00000393        0x0 rtrlut.o
 .debug_line    0x00000393       0xcf timer.o
 .debug_line    0x00000462      0x122 uart.o

.debug_frame    0x00000000      0x264
 *(.debug_frame)
 .debug_frame   0x00000000       0x94 softpot.o
 .debug_frame   0x00000094       0x24 main.o
 .debug_frame   0x000000b8       0xa8 rotaryenc.o
 .debug_frame   0x00000160       0x7c timer.o
 .debug_frame   0x000001dc       0x88 uart.o

.debug_str      0x00000000      0x427
 *(.debug_str)
 .debug_str     0x00000000      0x1b8 softpot.o
                                0x1fa (size before relaxing)
 .debug_str     0x000001b8       0x2f main.o
                                0x167 (size before relaxing)
 .debug_str     0x000001e7      0x1f1 rotaryenc.o
                                0x351 (size before relaxing)
 .debug_str     0x000003d8        0x0 rtrlut.o
 .debug_str     0x000003d8       0x19 timer.o
                                0x16a (size before relaxing)
 .debug_str     0x000003f1       0x36 uart.o
                                0x189 (size before relaxing)

.debug_loc      0x00000000      0x563
 *(.debug_loc)
 .debug_loc     0x00000000      0x16b softpot.o
 .debug_loc     0x0000016b      0x206 rotaryenc.o
 .debug_loc     0x00000371       0xcb timer.o
 .debug_loc     0x0000043c      0x127 uart.o

.debug_macinfo
 *(.debug_macinfo)

.debug_weaknames
 *(.debug_weaknames)

.debug_funcnames
 *(.debug_funcnames)

.debug_typenames
 *(.debug_typenames)

.debug_varnames
 *(.debug_varnames)

.debug_pubtypes
 *(.debug_pubtypes)

.debug_ranges   0x00000000       0xd0
 *(.debug_ranges)
 .debug_ranges  0x00000000       0x30 softpot.o
 .debug_ranges  0x00000030       0x10 main.o
 .debug_ranges  0x00000040       0x40 rotaryenc.o
 .debug_ranges  0x00000080       0x18 timer.o
 .debug_ranges  0x00000098       0x38 uart.o

.debug_macro
 *(.debug_macro)
OUTPUT(RotaryEnc.elf elf32-avr)
LOAD linker stubs
