Archive member included because of file (symbol)

c:/program files (x86)/atmel/atmel toolchain/avr8 gcc/native/3.4.1056/avr8-gnu-toolchain/bin/../lib/gcc/avr/4.8.1/avr5\libgcc.a(_exit.o)
                              c:/program files (x86)/atmel/atmel toolchain/avr8 gcc/native/3.4.1056/avr8-gnu-toolchain/bin/../lib/gcc/avr/4.8.1/../../../../avr/lib/avr5/crtm644p.o (exit)
c:/program files (x86)/atmel/atmel toolchain/avr8 gcc/native/3.4.1056/avr8-gnu-toolchain/bin/../lib/gcc/avr/4.8.1/avr5\libgcc.a(_tablejump.o)
                              sseg.o (__tablejump2__)
c:/program files (x86)/atmel/atmel toolchain/avr8 gcc/native/3.4.1056/avr8-gnu-toolchain/bin/../lib/gcc/avr/4.8.1/avr5\libgcc.a(_copy_data.o)
                              buttons.o (__do_copy_data)
c:/program files (x86)/atmel/atmel toolchain/avr8 gcc/native/3.4.1056/avr8-gnu-toolchain/bin/../lib/gcc/avr/4.8.1/avr5\libgcc.a(_clear_bss.o)
                              buttons.o (__do_clear_bss)

Discarded input sections

 .bss           0x00000000        0x0 c:/program files (x86)/atmel/atmel toolchain/avr8 gcc/native/3.4.1056/avr8-gnu-toolchain/bin/../lib/gcc/avr/4.8.1/../../../../avr/lib/avr5/crtm644p.o
 .text          0x00000000        0x0 buttons.o
 .bss           0x00000000        0x0 buttons.o
 .text          0x00000000        0x0 softpot.o
 .bss           0x00000000        0x0 softpot.o
 .data.tposition
                0x00000000        0x1 softpot.o
 .data.tposition_cal
                0x00000000        0x2 softpot.o
 .text.adc_value
                0x00000000       0x3e softpot.o
 .text.adc_cal  0x00000000       0x5c softpot.o
 .text          0x00000000        0x0 main.o
 .bss           0x00000000        0x0 main.o
 .text          0x00000000        0x0 sseg.o
 .bss           0x00000000        0x0 sseg.o
 .text          0x00000000        0x0 timer.o
 .bss           0x00000000        0x0 timer.o
 .text          0x00000000        0x0 uart.o
 .bss           0x00000000        0x0 uart.o
 .text.uart_init
                0x00000000       0x34 uart.o
 .text.uart_tx  0x00000000       0x1e uart.o
 .text          0x00000000        0x0 c:/program files (x86)/atmel/atmel toolchain/avr8 gcc/native/3.4.1056/avr8-gnu-toolchain/bin/../lib/gcc/avr/4.8.1/avr5\libgcc.a(_exit.o)
 .bss           0x00000000        0x0 c:/program files (x86)/atmel/atmel toolchain/avr8 gcc/native/3.4.1056/avr8-gnu-toolchain/bin/../lib/gcc/avr/4.8.1/avr5\libgcc.a(_exit.o)
 .text.libgcc.mul
                0x00000000        0x0 c:/program files (x86)/atmel/atmel toolchain/avr8 gcc/native/3.4.1056/avr8-gnu-toolchain/bin/../lib/gcc/avr/4.8.1/avr5\libgcc.a(_exit.o)
 .text.libgcc.div
                0x00000000        0x0 c:/program files (x86)/atmel/atmel toolchain/avr8 gcc/native/3.4.1056/avr8-gnu-toolchain/bin/../lib/gcc/avr/4.8.1/avr5\libgcc.a(_exit.o)
 .text.libgcc   0x00000000        0x0 c:/program files (x86)/atmel/atmel toolchain/avr8 gcc/native/3.4.1056/avr8-gnu-toolchain/bin/../lib/gcc/avr/4.8.1/avr5\libgcc.a(_exit.o)
 .text.libgcc.prologue
                0x00000000        0x0 c:/program files (x86)/atmel/atmel toolchain/avr8 gcc/native/3.4.1056/avr8-gnu-toolchain/bin/../lib/gcc/avr/4.8.1/avr5\libgcc.a(_exit.o)
 .text.libgcc.builtins
                0x00000000        0x0 c:/program files (x86)/atmel/atmel toolchain/avr8 gcc/native/3.4.1056/avr8-gnu-toolchain/bin/../lib/gcc/avr/4.8.1/avr5\libgcc.a(_exit.o)
 .text.libgcc.fmul
                0x00000000        0x0 c:/program files (x86)/atmel/atmel toolchain/avr8 gcc/native/3.4.1056/avr8-gnu-toolchain/bin/../lib/gcc/avr/4.8.1/avr5\libgcc.a(_exit.o)
 .text.libgcc.fixed
                0x00000000        0x0 c:/program files (x86)/atmel/atmel toolchain/avr8 gcc/native/3.4.1056/avr8-gnu-toolchain/bin/../lib/gcc/avr/4.8.1/avr5\libgcc.a(_exit.o)
 .text          0x00000000        0x0 c:/program files (x86)/atmel/atmel toolchain/avr8 gcc/native/3.4.1056/avr8-gnu-toolchain/bin/../lib/gcc/avr/4.8.1/avr5\libgcc.a(_tablejump.o)
 .bss           0x00000000        0x0 c:/program files (x86)/atmel/atmel toolchain/avr8 gcc/native/3.4.1056/avr8-gnu-toolchain/bin/../lib/gcc/avr/4.8.1/avr5\libgcc.a(_tablejump.o)
 .text.libgcc.mul
                0x00000000        0x0 c:/program files (x86)/atmel/atmel toolchain/avr8 gcc/native/3.4.1056/avr8-gnu-toolchain/bin/../lib/gcc/avr/4.8.1/avr5\libgcc.a(_tablejump.o)
 .text.libgcc.div
                0x00000000        0x0 c:/program files (x86)/atmel/atmel toolchain/avr8 gcc/native/3.4.1056/avr8-gnu-toolchain/bin/../lib/gcc/avr/4.8.1/avr5\libgcc.a(_tablejump.o)
 .text.libgcc.prologue
                0x00000000        0x0 c:/program files (x86)/atmel/atmel toolchain/avr8 gcc/native/3.4.1056/avr8-gnu-toolchain/bin/../lib/gcc/avr/4.8.1/avr5\libgcc.a(_tablejump.o)
 .text.libgcc.builtins
                0x00000000        0x0 c:/program files (x86)/atmel/atmel toolchain/avr8 gcc/native/3.4.1056/avr8-gnu-toolchain/bin/../lib/gcc/avr/4.8.1/avr5\libgcc.a(_tablejump.o)
 .text.libgcc.fmul
                0x00000000        0x0 c:/program files (x86)/atmel/atmel toolchain/avr8 gcc/native/3.4.1056/avr8-gnu-toolchain/bin/../lib/gcc/avr/4.8.1/avr5\libgcc.a(_tablejump.o)
 .text.libgcc.fixed
                0x00000000        0x0 c:/program files (x86)/atmel/atmel toolchain/avr8 gcc/native/3.4.1056/avr8-gnu-toolchain/bin/../lib/gcc/avr/4.8.1/avr5\libgcc.a(_tablejump.o)
 .text          0x00000000        0x0 c:/program files (x86)/atmel/atmel toolchain/avr8 gcc/native/3.4.1056/avr8-gnu-toolchain/bin/../lib/gcc/avr/4.8.1/avr5\libgcc.a(_copy_data.o)
 .bss           0x00000000        0x0 c:/program files (x86)/atmel/atmel toolchain/avr8 gcc/native/3.4.1056/avr8-gnu-toolchain/bin/../lib/gcc/avr/4.8.1/avr5\libgcc.a(_copy_data.o)
 .text.libgcc.mul
                0x00000000        0x0 c:/program files (x86)/atmel/atmel toolchain/avr8 gcc/native/3.4.1056/avr8-gnu-toolchain/bin/../lib/gcc/avr/4.8.1/avr5\libgcc.a(_copy_data.o)
 .text.libgcc.div
                0x00000000        0x0 c:/program files (x86)/atmel/atmel toolchain/avr8 gcc/native/3.4.1056/avr8-gnu-toolchain/bin/../lib/gcc/avr/4.8.1/avr5\libgcc.a(_copy_data.o)
 .text.libgcc   0x00000000        0x0 c:/program files (x86)/atmel/atmel toolchain/avr8 gcc/native/3.4.1056/avr8-gnu-toolchain/bin/../lib/gcc/avr/4.8.1/avr5\libgcc.a(_copy_data.o)
 .text.libgcc.prologue
                0x00000000        0x0 c:/program files (x86)/atmel/atmel toolchain/avr8 gcc/native/3.4.1056/avr8-gnu-toolchain/bin/../lib/gcc/avr/4.8.1/avr5\libgcc.a(_copy_data.o)
 .text.libgcc.builtins
                0x00000000        0x0 c:/program files (x86)/atmel/atmel toolchain/avr8 gcc/native/3.4.1056/avr8-gnu-toolchain/bin/../lib/gcc/avr/4.8.1/avr5\libgcc.a(_copy_data.o)
 .text.libgcc.fmul
                0x00000000        0x0 c:/program files (x86)/atmel/atmel toolchain/avr8 gcc/native/3.4.1056/avr8-gnu-toolchain/bin/../lib/gcc/avr/4.8.1/avr5\libgcc.a(_copy_data.o)
 .text.libgcc.fixed
                0x00000000        0x0 c:/program files (x86)/atmel/atmel toolchain/avr8 gcc/native/3.4.1056/avr8-gnu-toolchain/bin/../lib/gcc/avr/4.8.1/avr5\libgcc.a(_copy_data.o)
 .text          0x00000000        0x0 c:/program files (x86)/atmel/atmel toolchain/avr8 gcc/native/3.4.1056/avr8-gnu-toolchain/bin/../lib/gcc/avr/4.8.1/avr5\libgcc.a(_clear_bss.o)
 .bss           0x00000000        0x0 c:/program files (x86)/atmel/atmel toolchain/avr8 gcc/native/3.4.1056/avr8-gnu-toolchain/bin/../lib/gcc/avr/4.8.1/avr5\libgcc.a(_clear_bss.o)
 .text.libgcc.mul
                0x00000000        0x0 c:/program files (x86)/atmel/atmel toolchain/avr8 gcc/native/3.4.1056/avr8-gnu-toolchain/bin/../lib/gcc/avr/4.8.1/avr5\libgcc.a(_clear_bss.o)
 .text.libgcc.div
                0x00000000        0x0 c:/program files (x86)/atmel/atmel toolchain/avr8 gcc/native/3.4.1056/avr8-gnu-toolchain/bin/../lib/gcc/avr/4.8.1/avr5\libgcc.a(_clear_bss.o)
 .text.libgcc   0x00000000        0x0 c:/program files (x86)/atmel/atmel toolchain/avr8 gcc/native/3.4.1056/avr8-gnu-toolchain/bin/../lib/gcc/avr/4.8.1/avr5\libgcc.a(_clear_bss.o)
 .text.libgcc.prologue
                0x00000000        0x0 c:/program files (x86)/atmel/atmel toolchain/avr8 gcc/native/3.4.1056/avr8-gnu-toolchain/bin/../lib/gcc/avr/4.8.1/avr5\libgcc.a(_clear_bss.o)
 .text.libgcc.builtins
                0x00000000        0x0 c:/program files (x86)/atmel/atmel toolchain/avr8 gcc/native/3.4.1056/avr8-gnu-toolchain/bin/../lib/gcc/avr/4.8.1/avr5\libgcc.a(_clear_bss.o)
 .text.libgcc.fmul
                0x00000000        0x0 c:/program files (x86)/atmel/atmel toolchain/avr8 gcc/native/3.4.1056/avr8-gnu-toolchain/bin/../lib/gcc/avr/4.8.1/avr5\libgcc.a(_clear_bss.o)
 .text.libgcc.fixed
                0x00000000        0x0 c:/program files (x86)/atmel/atmel toolchain/avr8 gcc/native/3.4.1056/avr8-gnu-toolchain/bin/../lib/gcc/avr/4.8.1/avr5\libgcc.a(_clear_bss.o)

Memory Configuration

Name             Origin             Length             Attributes
text             0x00000000         0x00020000         xr
data             0x00800060         0x0000ffa0         rw !x
eeprom           0x00810000         0x00010000         rw !x
fuse             0x00820000         0x00000400         rw !x
lock             0x00830000         0x00000400         rw !x
signature        0x00840000         0x00000400         rw !x
user_signatures  0x00850000         0x00000400         rw !x
*default*        0x00000000         0xffffffff

Linker script and memory map

Address of section .data set to 0x800100
LOAD c:/program files (x86)/atmel/atmel toolchain/avr8 gcc/native/3.4.1056/avr8-gnu-toolchain/bin/../lib/gcc/avr/4.8.1/../../../../avr/lib/avr5/crtm644p.o
LOAD buttons.o
LOAD softpot.o
LOAD main.o
LOAD sseg.o
LOAD timer.o
LOAD uart.o
START GROUP
LOAD c:/program files (x86)/atmel/atmel toolchain/avr8 gcc/native/3.4.1056/avr8-gnu-toolchain/bin/../lib/gcc/avr/4.8.1/../../../../avr/lib/avr5\libm.a
END GROUP
START GROUP
LOAD c:/program files (x86)/atmel/atmel toolchain/avr8 gcc/native/3.4.1056/avr8-gnu-toolchain/bin/../lib/gcc/avr/4.8.1/avr5\libgcc.a
LOAD c:/program files (x86)/atmel/atmel toolchain/avr8 gcc/native/3.4.1056/avr8-gnu-toolchain/bin/../lib/gcc/avr/4.8.1/../../../../avr/lib/avr5\libm.a
LOAD c:/program files (x86)/atmel/atmel toolchain/avr8 gcc/native/3.4.1056/avr8-gnu-toolchain/bin/../lib/gcc/avr/4.8.1/../../../../avr/lib/avr5\libc.a
END GROUP

.hash
 *(.hash)

.dynsym
 *(.dynsym)

.dynstr
 *(.dynstr)

.gnu.version
 *(.gnu.version)

.gnu.version_d
 *(.gnu.version_d)

.gnu.version_r
 *(.gnu.version_r)

.rel.init
 *(.rel.init)

.rela.init
 *(.rela.init)

.rel.text
 *(.rel.text)
 *(.rel.text.*)
 *(.rel.gnu.linkonce.t*)

.rela.text
 *(.rela.text)
 *(.rela.text.*)
 *(.rela.gnu.linkonce.t*)

.rel.fini
 *(.rel.fini)

.rela.fini
 *(.rela.fini)

.rel.rodata
 *(.rel.rodata)
 *(.rel.rodata.*)
 *(.rel.gnu.linkonce.r*)

.rela.rodata
 *(.rela.rodata)
 *(.rela.rodata.*)
 *(.rela.gnu.linkonce.r*)

.rel.data
 *(.rel.data)
 *(.rel.data.*)
 *(.rel.gnu.linkonce.d*)

.rela.data
 *(.rela.data)
 *(.rela.data.*)
 *(.rela.gnu.linkonce.d*)

.rel.ctors
 *(.rel.ctors)

.rela.ctors
 *(.rela.ctors)

.rel.dtors
 *(.rel.dtors)

.rela.dtors
 *(.rela.dtors)

.rel.got
 *(.rel.got)

.rela.got
 *(.rela.got)

.rel.bss
 *(.rel.bss)

.rela.bss
 *(.rela.bss)

.rel.plt
 *(.rel.plt)

.rela.plt
 *(.rela.plt)

.text           0x00000000      0x7ee
 *(.vectors)
 .vectors       0x00000000       0x7c c:/program files (x86)/atmel/atmel toolchain/avr8 gcc/native/3.4.1056/avr8-gnu-toolchain/bin/../lib/gcc/avr/4.8.1/../../../../avr/lib/avr5/crtm644p.o
                0x00000000                __vector_default
                0x00000000                __vectors
 *(.vectors)
 *(.progmem.gcc*)
 .progmem.gcc_sw_table.sseg_disp
                0x0000007c       0x12 sseg.o
                0x0000008e                . = ALIGN (0x2)
                0x0000008e                __trampolines_start = .
 *(.trampolines)
 .trampolines   0x0000008e        0x0 linker stubs
 *(.trampolines*)
                0x0000008e                __trampolines_end = .
 *(.progmem*)
                0x0000008e                . = ALIGN (0x2)
 *(.jumptables)
 *(.jumptables*)
 *(.lowtext)
 *(.lowtext*)
                0x0000008e                __ctors_start = .
 *(.ctors)
                0x0000008e                __ctors_end = .
                0x0000008e                __dtors_start = .
 *(.dtors)
                0x0000008e                __dtors_end = .
 SORT(*)(.ctors)
 SORT(*)(.dtors)
 *(.init0)
 .init0         0x0000008e        0x0 c:/program files (x86)/atmel/atmel toolchain/avr8 gcc/native/3.4.1056/avr8-gnu-toolchain/bin/../lib/gcc/avr/4.8.1/../../../../avr/lib/avr5/crtm644p.o
                0x0000008e                __init
 *(.init0)
 *(.init1)
 *(.init1)
 *(.init2)
 .init2         0x0000008e        0xc c:/program files (x86)/atmel/atmel toolchain/avr8 gcc/native/3.4.1056/avr8-gnu-toolchain/bin/../lib/gcc/avr/4.8.1/../../../../avr/lib/avr5/crtm644p.o
 *(.init2)
 *(.init3)
 *(.init3)
 *(.init4)
 .init4         0x0000009a       0x16 c:/program files (x86)/atmel/atmel toolchain/avr8 gcc/native/3.4.1056/avr8-gnu-toolchain/bin/../lib/gcc/avr/4.8.1/avr5\libgcc.a(_copy_data.o)
                0x0000009a                __do_copy_data
 .init4         0x000000b0       0x10 c:/program files (x86)/atmel/atmel toolchain/avr8 gcc/native/3.4.1056/avr8-gnu-toolchain/bin/../lib/gcc/avr/4.8.1/avr5\libgcc.a(_clear_bss.o)
                0x000000b0                __do_clear_bss
 *(.init4)
 *(.init5)
 *(.init5)
 *(.init6)
 *(.init6)
 *(.init7)
 *(.init7)
 *(.init8)
 *(.init8)
 *(.init9)
 .init9         0x000000c0        0x8 c:/program files (x86)/atmel/atmel toolchain/avr8 gcc/native/3.4.1056/avr8-gnu-toolchain/bin/../lib/gcc/avr/4.8.1/../../../../avr/lib/avr5/crtm644p.o
 *(.init9)
 *(.text)
 .text          0x000000c8        0x4 c:/program files (x86)/atmel/atmel toolchain/avr8 gcc/native/3.4.1056/avr8-gnu-toolchain/bin/../lib/gcc/avr/4.8.1/../../../../avr/lib/avr5/crtm644p.o
                0x000000c8                __vector_22
                0x000000c8                __vector_28
                0x000000c8                __vector_1
                0x000000c8                __vector_12
                0x000000c8                __bad_interrupt
                0x000000c8                __vector_6
                0x000000c8                __vector_3
                0x000000c8                __vector_23
                0x000000c8                __vector_30
                0x000000c8                __vector_25
                0x000000c8                __vector_11
                0x000000c8                __vector_13
                0x000000c8                __vector_17
                0x000000c8                __vector_19
                0x000000c8                __vector_7
                0x000000c8                __vector_27
                0x000000c8                __vector_4
                0x000000c8                __vector_9
                0x000000c8                __vector_2
                0x000000c8                __vector_21
                0x000000c8                __vector_15
                0x000000c8                __vector_29
                0x000000c8                __vector_8
                0x000000c8                __vector_26
                0x000000c8                __vector_14
                0x000000c8                __vector_10
                0x000000c8                __vector_18
                0x000000c8                __vector_20
                0x000000cc                . = ALIGN (0x2)
 *(.text.*)
 .text.buttons_init
                0x000000cc       0x70 buttons.o
                0x000000cc                buttons_init
 .text.__vector_5
                0x0000013c       0x64 buttons.o
                0x0000013c                __vector_5
 .text.check_button_status
                0x000001a0       0xb6 buttons.o
                0x000001a0                check_button_status
 .text.adc_init
                0x00000256       0x24 softpot.o
                0x00000256                adc_init
 .text.adc_conv
                0x0000027a       0x20 softpot.o
                0x0000027a                adc_conv
 .text.__vector_24
                0x0000029a      0x1b0 softpot.o
                0x0000029a                __vector_24
 .text.calibrate
                0x0000044a       0x16 softpot.o
                0x0000044a                calibrate
 .text.main     0x00000460       0x32 main.o
                0x00000460                main
 .text.sseg_init
                0x00000492       0x26 sseg.o
                0x00000492                sseg_init
 .text.sseg_disp
                0x000004b8       0xb4 sseg.o
                0x000004b8                sseg_disp
 .text.timer_init
                0x0000056c       0x36 timer.o
                0x0000056c                timer_init
 .text.reset_wheel_flag
                0x000005a2       0x16 timer.o
                0x000005a2                reset_wheel_flag
 .text.set_wheel_flag
                0x000005b8       0x1a timer.o
                0x000005b8                set_wheel_flag
 .text.reset_throttle_flag
                0x000005d2       0x16 timer.o
                0x000005d2                reset_throttle_flag
 .text.set_throttle_flag
                0x000005e8       0x1a timer.o
                0x000005e8                set_throttle_flag
 .text.__vector_16
                0x00000602      0x196 timer.o
                0x00000602                __vector_16
 .text.engine_start
                0x00000798       0x46 timer.o
                0x00000798                engine_start
 .text.libgcc   0x000007de        0xc c:/program files (x86)/atmel/atmel toolchain/avr8 gcc/native/3.4.1056/avr8-gnu-toolchain/bin/../lib/gcc/avr/4.8.1/avr5\libgcc.a(_tablejump.o)
                0x000007de                __tablejump2__
                0x000007e2                __tablejump__
                0x000007ea                . = ALIGN (0x2)
 *(.fini9)
 .fini9         0x000007ea        0x0 c:/program files (x86)/atmel/atmel toolchain/avr8 gcc/native/3.4.1056/avr8-gnu-toolchain/bin/../lib/gcc/avr/4.8.1/avr5\libgcc.a(_exit.o)
                0x000007ea                _exit
                0x000007ea                exit
 *(.fini9)
 *(.fini8)
 *(.fini8)
 *(.fini7)
 *(.fini7)
 *(.fini6)
 *(.fini6)
 *(.fini5)
 *(.fini5)
 *(.fini4)
 *(.fini4)
 *(.fini3)
 *(.fini3)
 *(.fini2)
 *(.fini2)
 *(.fini1)
 *(.fini1)
 *(.fini0)
 .fini0         0x000007ea        0x4 c:/program files (x86)/atmel/atmel toolchain/avr8 gcc/native/3.4.1056/avr8-gnu-toolchain/bin/../lib/gcc/avr/4.8.1/avr5\libgcc.a(_exit.o)
 *(.fini0)
                0x000007ee                _etext = .

.data           0x00800100       0x12 load address 0x000007ee
                0x00800100                PROVIDE (__data_start, .)
 *(.data)
 .data          0x00800100        0x0 c:/program files (x86)/atmel/atmel toolchain/avr8 gcc/native/3.4.1056/avr8-gnu-toolchain/bin/../lib/gcc/avr/4.8.1/../../../../avr/lib/avr5/crtm644p.o
 .data          0x00800100        0x0 buttons.o
 .data          0x00800100        0x0 softpot.o
 .data          0x00800100        0x0 main.o
 .data          0x00800100        0x0 sseg.o
 .data          0x00800100        0x0 timer.o
 .data          0x00800100        0x0 uart.o
 .data          0x00800100        0x0 c:/program files (x86)/atmel/atmel toolchain/avr8 gcc/native/3.4.1056/avr8-gnu-toolchain/bin/../lib/gcc/avr/4.8.1/avr5\libgcc.a(_exit.o)
 .data          0x00800100        0x0 c:/program files (x86)/atmel/atmel toolchain/avr8 gcc/native/3.4.1056/avr8-gnu-toolchain/bin/../lib/gcc/avr/4.8.1/avr5\libgcc.a(_tablejump.o)
 .data          0x00800100        0x0 c:/program files (x86)/atmel/atmel toolchain/avr8 gcc/native/3.4.1056/avr8-gnu-toolchain/bin/../lib/gcc/avr/4.8.1/avr5\libgcc.a(_copy_data.o)
 .data          0x00800100        0x0 c:/program files (x86)/atmel/atmel toolchain/avr8 gcc/native/3.4.1056/avr8-gnu-toolchain/bin/../lib/gcc/avr/4.8.1/avr5\libgcc.a(_clear_bss.o)
 *(.data*)
 .data.mappings
                0x00800100        0x8 buttons.o
                0x00800100                mappings
 .data.pins     0x00800108        0x1 buttons.o
 .data.tmp      0x00800109        0x1 buttons.o
 .data.wheel    0x0080010a        0x1 softpot.o
                0x0080010a                wheel
 .data.throttle
                0x0080010b        0x1 softpot.o
                0x0080010b                throttle
 .data.wheel_cal
                0x0080010c        0x2 softpot.o
                0x0080010c                wheel_cal
 .data.throttle_cal
                0x0080010e        0x2 softpot.o
                0x0080010e                throttle_cal
 .data.sseg_pins
                0x00800110        0x1 sseg.o
 *(.rodata)
 *(.rodata*)
 *(.gnu.linkonce.d*)
                0x00800112                . = ALIGN (0x2)
 *fill*         0x00800111        0x1 
                0x00800112                _edata = .
                0x00800112                PROVIDE (__data_end, .)

.bss            0x00800112       0x13
                0x00800112                PROVIDE (__bss_start, .)
 *(.bss)
 *(.bss*)
 .bss.waiting   0x00800112        0x1 buttons.o
 .bss.cal       0x00800113        0x2 softpot.o
                0x00800113                cal
 .bss.count     0x00800115        0x2 timer.o
                0x00800115                count
 .bss.i         0x00800117        0x2 timer.o
                0x00800117                i
 .bss.flash_count
                0x00800119        0x2 timer.o
                0x00800119                flash_count
 .bss.sseg_test
                0x0080011b        0x2 timer.o
                0x0080011b                sseg_test
 .bss.sseg_tester
                0x0080011d        0x2 timer.o
                0x0080011d                sseg_tester
 .bss.throttle_flag
                0x0080011f        0x2 timer.o
                0x0080011f                throttle_flag
 .bss.wheel_flag
                0x00800121        0x2 timer.o
                0x00800121                wheel_flag
 .bss.led_flash
                0x00800123        0x2 timer.o
                0x00800123                led_flash
 *(COMMON)
                0x00800125                PROVIDE (__bss_end, .)
                0x000007ee                __data_load_start = LOADADDR (.data)
                0x00000800                __data_load_end = (__data_load_start + SIZEOF (.data))

.noinit         0x00800125        0x0
                0x00800125                PROVIDE (__noinit_start, .)
 *(.noinit*)
                0x00800125                PROVIDE (__noinit_end, .)
                0x00800125                _end = .
                0x00800125                PROVIDE (__heap_start, .)

.eeprom         0x00810000        0x0
 *(.eeprom*)
                0x00810000                __eeprom_end = .

.fuse
 *(.fuse)
 *(.lfuse)
 *(.hfuse)
 *(.efuse)

.lock
 *(.lock*)

.signature
 *(.signature*)

.user_signatures
 *(.user_signatures*)

.stab
 *(.stab)

.stabstr
 *(.stabstr)

.stab.excl
 *(.stab.excl)

.stab.exclstr
 *(.stab.exclstr)

.stab.index
 *(.stab.index)

.stab.indexstr
 *(.stab.indexstr)

.comment        0x00000000       0x30
 *(.comment)
 .comment       0x00000000       0x30 buttons.o
                                 0x31 (size before relaxing)
 .comment       0x00000000       0x31 softpot.o
 .comment       0x00000000       0x31 main.o
 .comment       0x00000000       0x31 sseg.o
 .comment       0x00000000       0x31 timer.o
 .comment       0x00000000       0x31 uart.o

.note.gnu.build-id
 *(.note.gnu.build-id)

.debug
 *(.debug)

.line
 *(.line)

.debug_srcinfo
 *(.debug_srcinfo)

.debug_sfnames
 *(.debug_sfnames)

.debug_aranges  0x00000000      0x138
 *(.debug_aranges)
 .debug_aranges
                0x00000000       0x30 buttons.o
 .debug_aranges
                0x00000030       0x48 softpot.o
 .debug_aranges
                0x00000078       0x20 main.o
 .debug_aranges
                0x00000098       0x28 sseg.o
 .debug_aranges
                0x000000c0       0x50 timer.o
 .debug_aranges
                0x00000110       0x28 uart.o

.debug_pubnames
 *(.debug_pubnames)

.debug_info     0x00000000      0x66d
 *(.debug_info .gnu.linkonce.wi.*)
 .debug_info    0x00000000      0x13c buttons.o
 .debug_info    0x0000013c      0x1ba softpot.o
 .debug_info    0x000002f6       0x87 main.o
 .debug_info    0x0000037d       0xbc sseg.o
 .debug_info    0x00000439      0x18f timer.o
 .debug_info    0x000005c8       0xa5 uart.o

.debug_abbrev   0x00000000      0x38b
 *(.debug_abbrev)
 .debug_abbrev  0x00000000       0xc9 buttons.o
 .debug_abbrev  0x000000c9       0xe9 softpot.o
 .debug_abbrev  0x000001b2       0x53 main.o
 .debug_abbrev  0x00000205       0x87 sseg.o
 .debug_abbrev  0x0000028c       0x89 timer.o
 .debug_abbrev  0x00000315       0x76 uart.o

.debug_line     0x00000000      0x58a
 *(.debug_line .debug_line.* .debug_line_end)
 .debug_line    0x00000000       0xe0 buttons.o
 .debug_line    0x000000e0      0x136 softpot.o
 .debug_line    0x00000216       0xb5 main.o
 .debug_line    0x000002cb       0xd1 sseg.o
 .debug_line    0x0000039c      0x12f timer.o
 .debug_line    0x000004cb       0xbf uart.o

.debug_frame    0x00000000      0x3c0
 *(.debug_frame)
 .debug_frame   0x00000000       0x90 buttons.o
 .debug_frame   0x00000090      0x11c softpot.o
 .debug_frame   0x000001ac       0x34 main.o
 .debug_frame   0x000001e0       0x54 sseg.o
 .debug_frame   0x00000234      0x138 timer.o
 .debug_frame   0x0000036c       0x54 uart.o

.debug_str      0x00000000      0x2e4
 *(.debug_str)
 .debug_str     0x00000000      0x167 buttons.o
                                0x1a0 (size before relaxing)
 .debug_str     0x00000167       0x9c softpot.o
                                0x1dd (size before relaxing)
 .debug_str     0x00000203       0x11 main.o
                                0x152 (size before relaxing)
 .debug_str     0x00000214       0x30 sseg.o
                                0x171 (size before relaxing)
 .debug_str     0x00000244       0x82 timer.o
                                0x203 (size before relaxing)
 .debug_str     0x000002c6       0x1e uart.o
                                0x15f (size before relaxing)

.debug_loc      0x00000000      0x6df
 *(.debug_loc)
 .debug_loc     0x00000000      0x10c buttons.o
 .debug_loc     0x0000010c      0x23f softpot.o
 .debug_loc     0x0000034b       0x3b main.o
 .debug_loc     0x00000386       0x83 sseg.o
 .debug_loc     0x00000409      0x253 timer.o
 .debug_loc     0x0000065c       0x83 uart.o

.debug_macinfo
 *(.debug_macinfo)

.debug_weaknames
 *(.debug_weaknames)

.debug_funcnames
 *(.debug_funcnames)

.debug_typenames
 *(.debug_typenames)

.debug_varnames
 *(.debug_varnames)

.debug_pubtypes
 *(.debug_pubtypes)

.debug_ranges   0x00000000       0xd8
 *(.debug_ranges)
 .debug_ranges  0x00000000       0x20 buttons.o
 .debug_ranges  0x00000020       0x38 softpot.o
 .debug_ranges  0x00000058       0x10 main.o
 .debug_ranges  0x00000068       0x18 sseg.o
 .debug_ranges  0x00000080       0x40 timer.o
 .debug_ranges  0x000000c0       0x18 uart.o

.debug_macro
 *(.debug_macro)
OUTPUT(Softpot.elf elf32-avr)
LOAD linker stubs
